2025-04-09 00:20:18.760 [JavaFX Application Thread] INFO  program.phonebook.Main - Запуск приложения Телефонный справочник
2025-04-09 00:20:18.778 [JavaFX Application Thread] ERROR program.phonebook.Main - Ошибка при запуске приложения
java.lang.IllegalStateException: Location is not set.
	at javafx.fxml/javafx.fxml.FXMLLoader.loadImpl(FXMLLoader.java:2548) ~[javafx-fxml-17.0.6-win.jar:?]
	at javafx.fxml/javafx.fxml.FXMLLoader.load(FXMLLoader.java:2523) ~[javafx-fxml-17.0.6-win.jar:?]
	at program.phonebook/program.phonebook.Main.start(Main.java:35) ~[classes/:?]
	at javafx.graphics/com.sun.javafx.application.LauncherImpl.lambda$launchApplication1$9(LauncherImpl.java:847) ~[javafx-graphics-17.0.6-win.jar:?]
	at javafx.graphics/com.sun.javafx.application.PlatformImpl.lambda$runAndWait$12(PlatformImpl.java:484) ~[javafx-graphics-17.0.6-win.jar:?]
	at javafx.graphics/com.sun.javafx.application.PlatformImpl.lambda$runLater$10(PlatformImpl.java:457) ~[javafx-graphics-17.0.6-win.jar:?]
	at java.base/java.security.AccessController.doPrivileged(AccessController.java:399) ~[?:?]
	at javafx.graphics/com.sun.javafx.application.PlatformImpl.lambda$runLater$11(PlatformImpl.java:456) ~[javafx-graphics-17.0.6-win.jar:?]
	at javafx.graphics/com.sun.glass.ui.InvokeLaterDispatcher$Future.run(InvokeLaterDispatcher.java:96) ~[javafx-graphics-17.0.6-win.jar:?]
	at javafx.graphics/com.sun.glass.ui.win.WinApplication._runLoop(Native Method) ~[javafx-graphics-17.0.6-win.jar:?]
	at javafx.graphics/com.sun.glass.ui.win.WinApplication.lambda$runLoop$3(WinApplication.java:184) ~[javafx-graphics-17.0.6-win.jar:?]
	at java.base/java.lang.Thread.run(Thread.java:840) [?:?]
2025-04-09 00:20:30.131 [JavaFX Application Thread] INFO  program.phonebook.Main - Запуск приложения Телефонный справочник
2025-04-09 00:20:30.147 [JavaFX Application Thread] ERROR program.phonebook.Main - Ошибка при запуске приложения
java.lang.IllegalStateException: Location is not set.
	at javafx.fxml/javafx.fxml.FXMLLoader.loadImpl(FXMLLoader.java:2548) ~[javafx-fxml-17.0.6-win.jar:?]
	at javafx.fxml/javafx.fxml.FXMLLoader.load(FXMLLoader.java:2523) ~[javafx-fxml-17.0.6-win.jar:?]
	at program.phonebook/program.phonebook.Main.start(Main.java:35) ~[classes/:?]
	at javafx.graphics/com.sun.javafx.application.LauncherImpl.lambda$launchApplication1$9(LauncherImpl.java:847) ~[javafx-graphics-17.0.6-win.jar:?]
	at javafx.graphics/com.sun.javafx.application.PlatformImpl.lambda$runAndWait$12(PlatformImpl.java:484) ~[javafx-graphics-17.0.6-win.jar:?]
	at javafx.graphics/com.sun.javafx.application.PlatformImpl.lambda$runLater$10(PlatformImpl.java:457) ~[javafx-graphics-17.0.6-win.jar:?]
	at java.base/java.security.AccessController.doPrivileged(AccessController.java:399) ~[?:?]
	at javafx.graphics/com.sun.javafx.application.PlatformImpl.lambda$runLater$11(PlatformImpl.java:456) ~[javafx-graphics-17.0.6-win.jar:?]
	at javafx.graphics/com.sun.glass.ui.InvokeLaterDispatcher$Future.run(InvokeLaterDispatcher.java:96) ~[javafx-graphics-17.0.6-win.jar:?]
	at javafx.graphics/com.sun.glass.ui.win.WinApplication._runLoop(Native Method) ~[javafx-graphics-17.0.6-win.jar:?]
	at javafx.graphics/com.sun.glass.ui.win.WinApplication.lambda$runLoop$3(WinApplication.java:184) ~[javafx-graphics-17.0.6-win.jar:?]
	at java.base/java.lang.Thread.run(Thread.java:840) [?:?]
2025-04-09 00:20:30.155 [main] ERROR program.phonebook.Launcher - Ошибка при запуске приложения через класс Launcher
java.lang.RuntimeException: Exception in Application start method
	at javafx.graphics/com.sun.javafx.application.LauncherImpl.launchApplication1(LauncherImpl.java:901) ~[javafx-graphics-17.0.6-win.jar:?]
	at javafx.graphics/com.sun.javafx.application.LauncherImpl.lambda$launchApplication$2(LauncherImpl.java:196) ~[javafx-graphics-17.0.6-win.jar:?]
	at java.base/java.lang.Thread.run(Thread.java:840) ~[?:?]
Caused by: java.lang.IllegalStateException: Location is not set.
	at javafx.fxml/javafx.fxml.FXMLLoader.loadImpl(FXMLLoader.java:2548) ~[javafx-fxml-17.0.6-win.jar:?]
	at javafx.fxml/javafx.fxml.FXMLLoader.load(FXMLLoader.java:2523) ~[javafx-fxml-17.0.6-win.jar:?]
	at program.phonebook/program.phonebook.Main.start(Main.java:35) ~[classes/:?]
	at javafx.graphics/com.sun.javafx.application.LauncherImpl.lambda$launchApplication1$9(LauncherImpl.java:847) ~[javafx-graphics-17.0.6-win.jar:?]
	at javafx.graphics/com.sun.javafx.application.PlatformImpl.lambda$runAndWait$12(PlatformImpl.java:484) ~[javafx-graphics-17.0.6-win.jar:?]
	at javafx.graphics/com.sun.javafx.application.PlatformImpl.lambda$runLater$10(PlatformImpl.java:457) ~[javafx-graphics-17.0.6-win.jar:?]
	at java.base/java.security.AccessController.doPrivileged(AccessController.java:399) ~[?:?]
	at javafx.graphics/com.sun.javafx.application.PlatformImpl.lambda$runLater$11(PlatformImpl.java:456) ~[javafx-graphics-17.0.6-win.jar:?]
	at javafx.graphics/com.sun.glass.ui.InvokeLaterDispatcher$Future.run(InvokeLaterDispatcher.java:96) ~[javafx-graphics-17.0.6-win.jar:?]
	at javafx.graphics/com.sun.glass.ui.win.WinApplication._runLoop(Native Method) ~[javafx-graphics-17.0.6-win.jar:?]
	at javafx.graphics/com.sun.glass.ui.win.WinApplication.lambda$runLoop$3(WinApplication.java:184) ~[javafx-graphics-17.0.6-win.jar:?]
	... 1 more
2025-04-09 00:20:36.273 [JavaFX Application Thread] INFO  program.phonebook.Main - Запуск приложения Телефонный справочник
2025-04-09 00:20:36.288 [JavaFX Application Thread] ERROR program.phonebook.Main - Ошибка при запуске приложения
java.lang.IllegalStateException: Location is not set.
	at javafx.fxml/javafx.fxml.FXMLLoader.loadImpl(FXMLLoader.java:2548) ~[javafx-fxml-17.0.6-win.jar:?]
	at javafx.fxml/javafx.fxml.FXMLLoader.load(FXMLLoader.java:2523) ~[javafx-fxml-17.0.6-win.jar:?]
	at program.phonebook/program.phonebook.Main.start(Main.java:35) ~[classes/:?]
	at javafx.graphics/com.sun.javafx.application.LauncherImpl.lambda$launchApplication1$9(LauncherImpl.java:847) ~[javafx-graphics-17.0.6-win.jar:?]
	at javafx.graphics/com.sun.javafx.application.PlatformImpl.lambda$runAndWait$12(PlatformImpl.java:484) ~[javafx-graphics-17.0.6-win.jar:?]
	at javafx.graphics/com.sun.javafx.application.PlatformImpl.lambda$runLater$10(PlatformImpl.java:457) ~[javafx-graphics-17.0.6-win.jar:?]
	at java.base/java.security.AccessController.doPrivileged(AccessController.java:399) ~[?:?]
	at javafx.graphics/com.sun.javafx.application.PlatformImpl.lambda$runLater$11(PlatformImpl.java:456) ~[javafx-graphics-17.0.6-win.jar:?]
	at javafx.graphics/com.sun.glass.ui.InvokeLaterDispatcher$Future.run(InvokeLaterDispatcher.java:96) ~[javafx-graphics-17.0.6-win.jar:?]
	at javafx.graphics/com.sun.glass.ui.win.WinApplication._runLoop(Native Method) ~[javafx-graphics-17.0.6-win.jar:?]
	at javafx.graphics/com.sun.glass.ui.win.WinApplication.lambda$runLoop$3(WinApplication.java:184) ~[javafx-graphics-17.0.6-win.jar:?]
	at java.base/java.lang.Thread.run(Thread.java:840) [?:?]
2025-04-09 00:20:36.293 [main] ERROR program.phonebook.Launcher - Ошибка при запуске приложения через класс Launcher
java.lang.RuntimeException: Exception in Application start method
	at javafx.graphics/com.sun.javafx.application.LauncherImpl.launchApplication1(LauncherImpl.java:901) ~[javafx-graphics-17.0.6-win.jar:?]
	at javafx.graphics/com.sun.javafx.application.LauncherImpl.lambda$launchApplication$2(LauncherImpl.java:196) ~[javafx-graphics-17.0.6-win.jar:?]
	at java.base/java.lang.Thread.run(Thread.java:840) ~[?:?]
Caused by: java.lang.IllegalStateException: Location is not set.
	at javafx.fxml/javafx.fxml.FXMLLoader.loadImpl(FXMLLoader.java:2548) ~[javafx-fxml-17.0.6-win.jar:?]
	at javafx.fxml/javafx.fxml.FXMLLoader.load(FXMLLoader.java:2523) ~[javafx-fxml-17.0.6-win.jar:?]
	at program.phonebook/program.phonebook.Main.start(Main.java:35) ~[classes/:?]
	at javafx.graphics/com.sun.javafx.application.LauncherImpl.lambda$launchApplication1$9(LauncherImpl.java:847) ~[javafx-graphics-17.0.6-win.jar:?]
	at javafx.graphics/com.sun.javafx.application.PlatformImpl.lambda$runAndWait$12(PlatformImpl.java:484) ~[javafx-graphics-17.0.6-win.jar:?]
	at javafx.graphics/com.sun.javafx.application.PlatformImpl.lambda$runLater$10(PlatformImpl.java:457) ~[javafx-graphics-17.0.6-win.jar:?]
	at java.base/java.security.AccessController.doPrivileged(AccessController.java:399) ~[?:?]
	at javafx.graphics/com.sun.javafx.application.PlatformImpl.lambda$runLater$11(PlatformImpl.java:456) ~[javafx-graphics-17.0.6-win.jar:?]
	at javafx.graphics/com.sun.glass.ui.InvokeLaterDispatcher$Future.run(InvokeLaterDispatcher.java:96) ~[javafx-graphics-17.0.6-win.jar:?]
	at javafx.graphics/com.sun.glass.ui.win.WinApplication._runLoop(Native Method) ~[javafx-graphics-17.0.6-win.jar:?]
	at javafx.graphics/com.sun.glass.ui.win.WinApplication.lambda$runLoop$3(WinApplication.java:184) ~[javafx-graphics-17.0.6-win.jar:?]
	... 1 more
2025-04-09 00:21:03.016 [JavaFX Application Thread] INFO  program.phonebook.Main - Запуск приложения Телефонный справочник
2025-04-09 00:21:03.032 [JavaFX Application Thread] ERROR program.phonebook.Main - Ошибка при запуске приложения
java.lang.IllegalStateException: Location is not set.
	at javafx.fxml/javafx.fxml.FXMLLoader.loadImpl(FXMLLoader.java:2548) ~[javafx-fxml-17.0.6-win.jar:?]
	at javafx.fxml/javafx.fxml.FXMLLoader.load(FXMLLoader.java:2523) ~[javafx-fxml-17.0.6-win.jar:?]
	at program.phonebook/program.phonebook.Main.start(Main.java:35) ~[classes/:?]
	at javafx.graphics/com.sun.javafx.application.LauncherImpl.lambda$launchApplication1$9(LauncherImpl.java:847) ~[javafx-graphics-17.0.6-win.jar:?]
	at javafx.graphics/com.sun.javafx.application.PlatformImpl.lambda$runAndWait$12(PlatformImpl.java:484) ~[javafx-graphics-17.0.6-win.jar:?]
	at javafx.graphics/com.sun.javafx.application.PlatformImpl.lambda$runLater$10(PlatformImpl.java:457) ~[javafx-graphics-17.0.6-win.jar:?]
	at java.base/java.security.AccessController.doPrivileged(AccessController.java:399) ~[?:?]
	at javafx.graphics/com.sun.javafx.application.PlatformImpl.lambda$runLater$11(PlatformImpl.java:456) ~[javafx-graphics-17.0.6-win.jar:?]
	at javafx.graphics/com.sun.glass.ui.InvokeLaterDispatcher$Future.run(InvokeLaterDispatcher.java:96) ~[javafx-graphics-17.0.6-win.jar:?]
	at javafx.graphics/com.sun.glass.ui.win.WinApplication._runLoop(Native Method) ~[javafx-graphics-17.0.6-win.jar:?]
	at javafx.graphics/com.sun.glass.ui.win.WinApplication.lambda$runLoop$3(WinApplication.java:184) ~[javafx-graphics-17.0.6-win.jar:?]
	at java.base/java.lang.Thread.run(Thread.java:840) [?:?]
2025-04-09 00:21:43.356 [JavaFX Application Thread] INFO  program.phonebook.Main - Запуск приложения Телефонный справочник
2025-04-09 00:21:43.370 [JavaFX Application Thread] ERROR program.phonebook.Main - Ошибка при запуске приложения
java.lang.IllegalStateException: Location is not set.
	at javafx.fxml/javafx.fxml.FXMLLoader.loadImpl(FXMLLoader.java:2548) ~[javafx-fxml-17.0.6-win.jar:?]
	at javafx.fxml/javafx.fxml.FXMLLoader.load(FXMLLoader.java:2523) ~[javafx-fxml-17.0.6-win.jar:?]
	at program.phonebook/program.phonebook.Main.start(Main.java:35) ~[classes/:?]
	at javafx.graphics/com.sun.javafx.application.LauncherImpl.lambda$launchApplication1$9(LauncherImpl.java:847) ~[javafx-graphics-17.0.6-win.jar:?]
	at javafx.graphics/com.sun.javafx.application.PlatformImpl.lambda$runAndWait$12(PlatformImpl.java:484) ~[javafx-graphics-17.0.6-win.jar:?]
	at javafx.graphics/com.sun.javafx.application.PlatformImpl.lambda$runLater$10(PlatformImpl.java:457) ~[javafx-graphics-17.0.6-win.jar:?]
	at java.base/java.security.AccessController.doPrivileged(AccessController.java:399) ~[?:?]
	at javafx.graphics/com.sun.javafx.application.PlatformImpl.lambda$runLater$11(PlatformImpl.java:456) ~[javafx-graphics-17.0.6-win.jar:?]
	at javafx.graphics/com.sun.glass.ui.InvokeLaterDispatcher$Future.run(InvokeLaterDispatcher.java:96) ~[javafx-graphics-17.0.6-win.jar:?]
	at javafx.graphics/com.sun.glass.ui.win.WinApplication._runLoop(Native Method) ~[javafx-graphics-17.0.6-win.jar:?]
	at javafx.graphics/com.sun.glass.ui.win.WinApplication.lambda$runLoop$3(WinApplication.java:184) ~[javafx-graphics-17.0.6-win.jar:?]
	at java.base/java.lang.Thread.run(Thread.java:840) [?:?]
2025-04-09 00:24:41.434 [JavaFX Application Thread] INFO  program.phonebook.Main - Запуск приложения Телефонный справочник
2025-04-09 00:24:41.450 [JavaFX Application Thread] ERROR program.phonebook.Main - Ошибка при запуске приложения
java.lang.IllegalStateException: Location is not set.
	at javafx.fxml/javafx.fxml.FXMLLoader.loadImpl(FXMLLoader.java:2548) ~[javafx-fxml-17.0.6-win.jar:?]
	at javafx.fxml/javafx.fxml.FXMLLoader.load(FXMLLoader.java:2523) ~[javafx-fxml-17.0.6-win.jar:?]
	at program.phonebook/program.phonebook.Main.start(Main.java:35) ~[classes/:?]
	at javafx.graphics/com.sun.javafx.application.LauncherImpl.lambda$launchApplication1$9(LauncherImpl.java:847) ~[javafx-graphics-17.0.6-win.jar:?]
	at javafx.graphics/com.sun.javafx.application.PlatformImpl.lambda$runAndWait$12(PlatformImpl.java:484) ~[javafx-graphics-17.0.6-win.jar:?]
	at javafx.graphics/com.sun.javafx.application.PlatformImpl.lambda$runLater$10(PlatformImpl.java:457) ~[javafx-graphics-17.0.6-win.jar:?]
	at java.base/java.security.AccessController.doPrivileged(AccessController.java:399) ~[?:?]
	at javafx.graphics/com.sun.javafx.application.PlatformImpl.lambda$runLater$11(PlatformImpl.java:456) ~[javafx-graphics-17.0.6-win.jar:?]
	at javafx.graphics/com.sun.glass.ui.InvokeLaterDispatcher$Future.run(InvokeLaterDispatcher.java:96) ~[javafx-graphics-17.0.6-win.jar:?]
	at javafx.graphics/com.sun.glass.ui.win.WinApplication._runLoop(Native Method) ~[javafx-graphics-17.0.6-win.jar:?]
	at javafx.graphics/com.sun.glass.ui.win.WinApplication.lambda$runLoop$3(WinApplication.java:184) ~[javafx-graphics-17.0.6-win.jar:?]
	at java.base/java.lang.Thread.run(Thread.java:840) [?:?]
2025-04-09 00:27:36.105 [JavaFX Application Thread] INFO  program.phonebook.Main - Запуск приложения Телефонный справочник
2025-04-09 00:27:38.123 [JavaFX Application Thread] INFO  program.phonebook.Menu - Завершение работы приложения
2025-04-09 00:27:44.591 [JavaFX Application Thread] INFO  program.phonebook.Main - Запуск приложения Телефонный справочник
2025-04-09 00:27:47.113 [JavaFX Application Thread] INFO  program.phonebook.Menu - Открытие телефонной книги
2025-04-09 00:27:47.117 [JavaFX Application Thread] DEBUG program.phonebook.Menu - Загрузка FXML: telephone.fxml
2025-04-09 00:27:47.202 [JavaFX Application Thread] INFO  program.phonebook.PhoneBook - Инициализация данных о контактах
2025-04-09 00:27:47.210 [JavaFX Application Thread] INFO  program.phonebook.PhoneBook - Инициализация успешно завершена
2025-04-09 00:27:47.210 [JavaFX Application Thread] DEBUG program.phonebook.PhoneBook - Установка контроллера Menu: program.phonebook.Menu@57dc40d7
2025-04-09 00:27:47.210 [JavaFX Application Thread] DEBUG program.phonebook.Menu - Установлен контроллер для телефонной книги
2025-04-09 00:27:47.210 [JavaFX Application Thread] DEBUG program.phonebook.Menu - Запуск анимации перехода между сценами
2025-04-09 00:27:48.346 [JavaFX Application Thread] DEBUG program.phonebook.Menu - Анимация перехода завершена
